[www.google-analytics.com/analytics.js]
[backblue.gif]
[fade.gif]
[index.html]
[clapat.ro/themes/montoya/favicon.ico]
[clapat.ro/themes/montoya/images/logo.png]
[clapat.ro/themes/montoya/images/logo-white.png]
[clapat.ro/themes/montoya/images/01hero.jpg]
[clapat.ro/themes/montoya/images/02hero.jpg]
[clapat.ro/themes/montoya/images/03hero.jpg]
[clapat.ro/themes/montoya/images/04hero.jpg]
[clapat.ro/themes/montoya/images/04hero.mp4]
[clapat.ro/themes/montoya/images/05hero.jpg]
[clapat.ro/themes/montoya/js/jquery.min.js]
[cdnjs.cloudflare.com/ajax/libs/gsap/3.11.4/gsap.min.js]
[cdnjs.cloudflare.com/ajax/libs/gsap/3.11.4/ScrollTrigger.min.js]
[cdnjs.cloudflare.com/ajax/libs/gsap/3.11.4/Flip.min.js]
[cdnjs.cloudflare.com/ajax/libs/jquery.imagesloaded/5.0.0/imagesloaded.pkgd.min.js]
[clapat.ro/themes/montoya/js/clapat.js]
[cdnjs.cloudflare.com/ajax/libs/smooth-scrollbar/8.4.0/smooth-scrollbar.js]
[clapat.ro/themes/montoya/js/plugins.js]
[clapat.ro/themes/montoya/js/common.js]
[clapat.ro/themes/montoya/js/contact.js]
[clapat.ro/themes/montoya/js/scripts.js]
[cdnjs.cloudflare.com/ajax/libs/three.js/r128/three.min.js]
[clapat.ro/themes/montoya/index.html]
[clapat.ro/themes/montoya/images/rotate.png]
[clapat.ro/themes/montoya/style.css]
[clapat.ro/themes/montoya/webfonts/fa-brands-400.woff2]
[clapat.ro/themes/montoya/webfonts/fa-brands-400.ttf]
[clapat.ro/themes/montoya/webfonts/fa-regular-400.woff2]
[clapat.ro/themes/montoya/webfonts/fa-regular-400.ttf]
[clapat.ro/themes/montoya/webfonts/fa-solid-900.woff2]
[clapat.ro/themes/montoya/webfonts/fa-solid-900.ttf]
[clapat.ro/themes/montoya/webfonts/fa-v4compatibility.woff2]
[clapat.ro/themes/montoya/webfonts/fa-v4compatibility.ttf]
[clapat.ro/themes/montoya/css/all.min.css]
[clapat.ro/themes/montoya/index-2.html]
[clapat.ro/themes/montoya/images/06hero.jpg]
[clapat.ro/themes/montoya/images/07hero.jpg]
[clapat.ro/themes/montoya/images/08hero.jpg]
[clapat.ro/themes/montoya/index-showcase-grid.html]
[clapat.ro/themes/montoya/index-showcase-gallery.html]
[clapat.ro/themes/montoya/images/about.jpg]
[clapat.ro/themes/montoya/images/about.mp4]
[clapat.ro/themes/montoya/images/aw01.jpg]
[clapat.ro/themes/montoya/images/aw02.jpg]
[clapat.ro/themes/montoya/images/aw03.jpg]
[clapat.ro/themes/montoya/images/aw04.jpg]
[clapat.ro/themes/montoya/images/aw05.jpg]
[clapat.ro/themes/montoya/images/aw06.jpg]
[clapat.ro/themes/montoya/images/client-05.png]
[clapat.ro/themes/montoya/images/client-01.png]
[clapat.ro/themes/montoya/images/client-02.png]
[clapat.ro/themes/montoya/images/client-03.png]
[clapat.ro/themes/montoya/images/client-04.png]
[clapat.ro/themes/montoya/images/client-08.png]
[clapat.ro/themes/montoya/images/client-06.png]
[clapat.ro/themes/montoya/images/client-07.png]
[clapat.ro/themes/montoya/about.html]
[clapat.ro/themes/montoya/contact.html]
[clapat.ro/themes/montoya/typography.html]
[clapat.ro/themes/montoya/images/shortcodes/image01.jpg]
[clapat.ro/themes/montoya/images/shortcodes/image02.jpg]
[clapat.ro/themes/montoya/images/shortcodes/image03.jpg]
[clapat.ro/themes/montoya/images/shortcodes/image04.jpg]
[clapat.ro/themes/montoya/images/shortcodes/pinned02.jpg]
[clapat.ro/themes/montoya/images/shortcodes/pinned01.jpg]
[clapat.ro/themes/montoya/images/shortcodes/collage01.jpg]
[clapat.ro/themes/montoya/images/shortcodes/collage02.jpg]
[clapat.ro/themes/montoya/images/shortcodes/collage03.jpg]
[clapat.ro/themes/montoya/images/shortcodes/collage04.jpg]
[clapat.ro/themes/montoya/images/shortcodes/collage05.jpg]
[clapat.ro/themes/montoya/images/shortcodes/collage06.jpg]
[clapat.ro/themes/montoya/images/shortcodes/collage07.jpg]
[clapat.ro/themes/montoya/multimedia.html]
[clapat.ro/themes/montoya/shortcodes.html]
[clapat.ro/themes/montoya/images/projects/liners01.jpg]
[clapat.ro/themes/montoya/images/projects/liners02.jpg]
[clapat.ro/themes/montoya/images/projects/liners03.jpg]
[clapat.ro/themes/montoya/images/projects/liners04.jpg]
[clapat.ro/themes/montoya/images/projects/liners05.jpg]
[clapat.ro/themes/montoya/images/projects/liners06.jpg]
[clapat.ro/themes/montoya/project01.html]
[clapat.ro/themes/montoya/images/projects/green01.jpg]
[clapat.ro/themes/montoya/images/projects/green03.jpg]
[clapat.ro/themes/montoya/images/projects/green02.jpg]
[clapat.ro/themes/montoya/project02.html]
[clapat.ro/themes/montoya/images/projects/nano01.jpg]
[clapat.ro/themes/montoya/images/projects/nano02.jpg]
[clapat.ro/themes/montoya/images/projects/nano03.jpg]
[clapat.ro/themes/montoya/project03.html]
[clapat.ro/themes/montoya/images/projects/dude01.jpg]
[clapat.ro/themes/montoya/project04.html]
[clapat.ro/themes/montoya/images/projects/storm01.jpg]
[clapat.ro/themes/montoya/images/projects/storm02.jpg]
[clapat.ro/themes/montoya/images/projects/storm03.jpg]
[clapat.ro/themes/montoya/project05.html]
[clapat.ro/themes/montoya/css/content.css]
[clapat.ro/themes/montoya/css/showcase.css]
[clapat.ro/themes/montoya/images/clients-middle.png]
[clapat.ro/themes/montoya/images/clients-middle-white.png]
[clapat.ro/themes/montoya/images/clients-top.png]
[clapat.ro/themes/montoya/images/clients-top-white.png]
[clapat.ro/themes/montoya/images/clients-bottom.png]
[clapat.ro/themes/montoya/images/clients-bottom-white.png]
[clapat.ro/themes/montoya/css/shortcodes.css]
[clapat.ro/themes/montoya/css/assets.css]
[clapat.ro/themes/montoya/images/projects/chair01.jpg]
[clapat.ro/themes/montoya/images/projects/chair02.jpg]
[clapat.ro/themes/montoya/images/projects/chair03.jpg]
[clapat.ro/themes/montoya/images/projects/chair04.jpg]
[clapat.ro/themes/montoya/project06.html]
[clapat.ro/themes/montoya/images/projects/fold01.jpg]
[clapat.ro/themes/montoya/images/projects/fold02.jpg]
[clapat.ro/themes/montoya/images/projects/fold03.jpg]
[clapat.ro/themes/montoya/images/projects/fold04.jpg]
[clapat.ro/themes/montoya/project07.html]
[clapat.ro/themes/montoya/images/projects/enclosure01.jpg]
[clapat.ro/themes/montoya/images/projects/enclosure02.jpg]
[clapat.ro/themes/montoya/images/projects/enclosure03.jpg]
[clapat.ro/themes/montoya/project08.html]
